exports[`test Link changes the class when hovered 1`] = `
<Card
  class="container"
  expandable={false}
  expanded={null}
  initiallyExpanded={false}>
  <form
    action="/"
    onSubmit={[Function]}>
    <h2
      className="card-heading">
      Log In
    </h2>
    <CardTitle
      title="Login with Email" />
    <div
      className="field-line">
      <TextField
        disabled={false}
        floatingLabelFixed={false}
        floatingLabelText="Email"
        fullWidth={false}
        multiLine={false}
        rows={1}
        type="text"
        underlineShow={true} />
    </div>
    <div
      className="field-line">
      <TextField
        disabled={false}
        floatingLabelFixed={false}
        floatingLabelText="Password"
        fullWidth={false}
        multiLine={false}
        rows={1}
        type="text"
        underlineShow={true} />
    </div>
    <div
      className="button-line">
      <RaisedButton
        disabled={false}
        fullWidth={false}
        label="Login"
        labelPosition="after"
        primary={true}
        secondary={false}
        type="submit" />
    </div>
    <CardText>
      Dont have an account?
      <Link
        onlyActiveOnIndex={false}
        style={Object {}}
        to="/signup">
        Create One
      </Link>
    </CardText>
  </form>
</Card>
`;
